// Jest Snapshot v1, https://goo.gl/fbAQLP

exports[`ErrorDismissibleBlock tests renders the errorDismissableBlock correctly 1`] = `
<Message
  negative={true}
  onDismiss={[Function]}
  visible={true}
>
  <MessageHeader>
    An Error has occurred
  </MessageHeader>
  <p>
    Show me the error
  </p>
</Message>
`;
