// Jest Snapshot v1, https://goo.gl/fbAQLP

exports[`CustomerEdit displays a full customer with extras properly 1`] = `
<div
  id="customer-edit"
>
  <h2>
    Customer
  </h2>
  <section
    className="row"
  >
    <div>
      <CustomerDetailEdit
        componentKey={23}
        customer={
          Object {
            "email": "anna@blogs.co.uk",
            "first_name": "anna",
            "id": 23,
            "last_name": "Blogs",
          }
        }
        key="detail23"
      />
      <div
        className="grid-container"
      >
        <CustomerAddressGrid
          addresses={
            Array [
              "1",
              "2",
            ]
          }
          customerId={23}
          deleteCustomerAddress={[MockFunction]}
          saveCustomerAddress={[MockFunction]}
        />
        <CustomerPhoneGrid
          customerId={23}
          phones={
            Array [
              "10",
              "20",
            ]
          }
        />
      </div>
    </div>
    <div>
      <NoteCreate
        key="detail278"
        note={
          Object {
            "customer": 23,
            "customer_visible": true,
            "id": 278,
            "note_text": "a note text",
          }
        }
        saveNote={[Function]}
      />
    </div>
  </section>
</div>
`;

exports[`CustomerEdit displays a new customer (no id) properly 1`] = `
<div
  id="customer-edit"
>
  <h2>
    Customer
  </h2>
  <section
    className="row"
  >
    <div>
      <CustomerDetailEdit
        componentKey="new"
        customer={Object {}}
        key="detailnew"
      />
    </div>
    <div />
  </section>
</div>
`;
