// Jest Snapshot v1, https://goo.gl/fbAQLP

exports[`CustomerList.index tests renders the CustomerList correctly 1`] = `
<div
  id="customer-list"
>
  <CustomerSearch
    getCustomerList={
      [MockFunction] {
        "calls": Array [
          Array [
            "",
            "",
            "",
          ],
        ],
        "results": Array [
          Object {
            "isThrow": false,
            "value": undefined,
          },
        ],
      }
    }
    isLoading={false}
    searchParams={[Function]}
  />
  <p>
    Set criteria and search.
  </p>
</div>
`;
