// Jest Snapshot v1, https://goo.gl/fbAQLP

exports[`App.index tests renders the App correctly when the user is logged in 1`] = `
<div>
  <Connect(Header) />
  <main>
    <Route
      component={[Function]}
      exact={true}
      path="/"
    />
    <Route
      component={[Function]}
      exact={true}
      path="/404"
    />
    <Route
      component={[Function]}
      exact={true}
      path="/login"
    />
    <Route
      component={[Function]}
      exact={true}
      path="/customer"
    />
    <Route
      component={[Function]}
      exact={true}
      path="/customer-search"
    />
    <Route
      component={[Function]}
      exact={true}
      path="/framework"
    />
  </main>
</div>
`;

exports[`App.index tests renders the App correctly when the user is not logged in 1`] = `
<div>
  <Connect(Header) />
  <main>
    <Route
      component={[Function]}
      exact={true}
      path="/"
    />
    <Route
      component={[Function]}
      exact={true}
      path="/404"
    />
    <Route
      component={[Function]}
      exact={true}
      path="/login"
    />
    <Route
      component={[Function]}
      exact={true}
      path="/customer"
    />
    <Route
      component={[Function]}
      exact={true}
      path="/customer-search"
    />
    <Route
      component={[Function]}
      exact={true}
      path="/framework"
    />
  </main>
</div>
`;
