// Jest Snapshot v1, https://goo.gl/fbAQLP

exports[`it displays synonyms 1`] = `
<React.Fragment>
  <FormTextInput
    error=""
    fieldName="synonymValue_1"
    key="synonymValue_1"
    onChange={[Function]}
    onClick={[Function]}
    placeholder="add new"
    value="synonym 1"
  />
  <FormTextInput
    error=""
    fieldName="synonymValue_dummy2"
    key="synonymValue_dummy2"
    onChange={[Function]}
    onClick={[Function]}
    placeholder="add new"
    value="synonym 2"
  />
  <div>
    <FormTextInput
      fieldName="synonymValue_new"
      key="synonymValue_new"
      onChange={[Function]}
      onClick={[Function]}
      placeholder="add new"
      value="new one"
    />
    <Icon
      as="i"
      key="synonym_add"
      name="add"
      onClick={[Function]}
      title="confirm new Synonym"
    />
  </div>
</React.Fragment>
`;
