// Jest Snapshot v1, https://goo.gl/fbAQLP

exports[`is displays correctly 1`] = `
<React.Fragment
  key="header"
>
  <div
    className="row full nav"
  >
    <React.Fragment
      key="nav"
    >
      <ul
        className="nav"
      >
        <li
          className="dropdown"
        >
          <Link
            className="dropbtn"
            replace={false}
            to="/"
          >
            Home
          </Link>
        </li>
        <HeaderSection
          key="headerSection1"
          sectionContents={
            Array [
              Object {
                "groupHeader": "Customer",
                "groupLinks": Array [
                  Object {
                    "displayText": "Find Customer",
                    "linkNumber": 101,
                    "linkRoute": "/customer-search",
                  },
                  Object {
                    "displayText": "New Customer",
                    "linkNumber": 102,
                    "linkRoute": "/customer",
                  },
                ],
                "groupPos": 10,
              },
            ]
          }
        />
        <HeaderSection
          key="headerSection2"
          sectionContents={
            Array [
              Object {
                "groupHeader": "Bikes",
                "groupLinks": Array [
                  Object {
                    "displayText": "Bike Upload",
                    "linkNumber": 201,
                    "linkRoute": "/bike-upload",
                  },
                  Object {
                    "displayText": "Bike Review",
                    "linkNumber": 202,
                    "linkRoute": "/bike-review-list",
                  },
                ],
                "groupPos": 20,
              },
              Object {
                "groupHeader": "Core Data",
                "groupLinks": Array [
                  Object {
                    "displayText": "Quote Sections",
                    "linkNumber": 211,
                    "linkRoute": "/framework",
                  },
                  Object {
                    "displayText": "Brands",
                    "linkNumber": 212,
                    "linkRoute": "/brands",
                  },
                ],
                "groupPos": 21,
              },
              Object {
                "groupHeader": "Products",
                "groupLinks": Array [
                  Object {
                    "displayText": "Product Upload",
                    "linkNumber": 221,
                    "linkRoute": "/product-upload",
                  },
                  Object {
                    "displayText": "Product Review",
                    "linkNumber": 222,
                    "linkRoute": "/product-review",
                  },
                ],
                "groupPos": 22,
              },
            ]
          }
        />
      </ul>
      <span
        id="user"
      >
         Current User: 
        anna
         
        Weaver
         (
        AVIW
        )
      </span>
    </React.Fragment>
  </div>
  <ErrorDismissibleBlock
    application={
      Object {
        "message": "Message to be displayed",
      }
    }
  />
</React.Fragment>
`;
