// Jest Snapshot v1, https://goo.gl/fbAQLP

exports[`renders correctly with a new customer address 1`] = `
<tr
  className=""
  id="rownewAddress"
>
  <td
    id="address1-td_newAddress"
  >
    <FormTextInput
      className="column full"
      error=""
      fieldName="address1_newAddress"
      id="address1-input_newAddress"
      onChange={[Function]}
      placeholder="Address line 1"
      value=""
    />
  </td>
  <td
    id="address2_td_newAddress"
  >
    <FormTextInput
      className="column full"
      fieldName="address2_newAddress"
      id="address2-input_newAddress"
      onChange={[Function]}
      placeholder="Address line 2"
      value=""
    />
  </td>
  <td
    id="address3_td_newAddress"
  >
    <FormTextInput
      className="column full"
      fieldName="address3_newAddress"
      id="address3-input_newAddress"
      onChange={[Function]}
      placeholder="Address line 3"
      size="30"
      value=""
    />
  </td>
  <td
    id="address4_td_newAddress"
  >
    <FormTextInput
      className="column full"
      fieldName="address4_newAddress"
      id="address4-input_newAddress"
      onChange={[Function]}
      placeholder="Address line 4"
      size="30"
      value=""
    />
  </td>
  <td
    id="postcode_td_newAddress"
  >
    <FormTextInput
      className="column full"
      error=""
      fieldName="postcode_newAddress"
      id="postcode-input_newAddress"
      onChange={[Function]}
      placeholder="Postcode"
      size="10"
      value=""
    />
  </td>
  <td
    id="detail_td_newAddress"
  >
    <span
      id="comment_td_newAddress"
    >
      Add a new address
    </span>
  </td>
  <td
    id="actions_td_newAddress"
  >
    <span
      id="actionsnew"
    />
  </td>
</tr>
`;

exports[`renders correctly with a passed customer address 1`] = `
<tr
  className=""
  id="row123"
>
  <td
    id="address1-td_123"
  >
    <FormTextInput
      className="column full"
      error=""
      fieldName="address1_123"
      id="address1-input_123"
      onChange={[Function]}
      placeholder="Address line 1"
      value="line one"
    />
  </td>
  <td
    id="address2_td_123"
  >
    <FormTextInput
      className="column full"
      fieldName="address2_123"
      id="address2-input_123"
      onChange={[Function]}
      placeholder="Address line 2"
      value="line Ywo"
    />
  </td>
  <td
    id="address3_td_123"
  >
    <FormTextInput
      className="column full"
      fieldName="address3_123"
      id="address3-input_123"
      onChange={[Function]}
      placeholder="Address line 3"
      size="30"
      value="line Three"
    />
  </td>
  <td
    id="address4_td_123"
  >
    <FormTextInput
      className="column full"
      fieldName="address4_123"
      id="address4-input_123"
      onChange={[Function]}
      placeholder="Address line 4"
      size="30"
      value="line Four"
    />
  </td>
  <td
    id="postcode_td_123"
  >
    <FormTextInput
      className="column full"
      error=""
      fieldName="postcode_123"
      id="postcode-input_123"
      onChange={[Function]}
      placeholder="Postcode"
      size="10"
      value="xxxyyy"
    />
  </td>
  <td
    id="detail_td_123"
  >
    <span
      id="comment_td_123"
    >
      Add a new address
    </span>
  </td>
  <td
    id="actions_td_123"
  >
    <span
      id="actions123"
    >
      <Icon
        as="i"
        id="delete-address123"
        name="delete"
        onClick={[Function]}
        title="Delete Address Number"
      />
    </span>
  </td>
</tr>
`;
